

================================================================
== Vivado HLS Report for 'dut_conv1_1'
================================================================
* Date:           Fri Dec  9 19:43:14 2022

* Version:        2016.2 (Build 1577090 on Thu Jun 02 16:59:10 MDT 2016)
* Project:        mlp_base.prj
* Solution:       solution1
* Product family: zynq
* Target device:  xc7z020clg484-1


================================================================
== Performance Estimates
================================================================
+ Timing (ns): 
    * Summary: 
    +--------+-------+----------+------------+
    |  Clock | Target| Estimated| Uncertainty|
    +--------+-------+----------+------------+
    |ap_clk  |  10.00|      8.41|        1.25|
    +--------+-------+----------+------------+

+ Latency (clock cycles): 
    * Summary: 
    +---------+---------+---------+---------+---------+
    |      Latency      |      Interval     | Pipeline|
    |   min   |   max   |   min   |   max   |   Type  |
    +---------+---------+---------+---------+---------+
    |  3763549|  3763549|  3763549|  3763549|   none  |
    +---------+---------+---------+---------+---------+

    + Detail: 
        * Instance: 
        N/A

        * Loop: 
        +-------------------+---------+---------+----------+-----------+-----------+------+----------+
        |                   |      Latency      | Iteration|  Initiation Interval  | Trip |          |
        |     Loop Name     |   min   |   max   |  Latency |  achieved |   target  | Count| Pipelined|
        +-------------------+---------+---------+----------+-----------+-----------+------+----------+
        |- LOOP_N           |  3763548|  3763548|    627258|          -|          -|     6|    no    |
        | + LOOP_X          |   627256|   627256|     22402|          -|          -|    28|    no    |
        |  ++ LOOP_Y        |    22400|    22400|       800|          -|          -|    28|    no    |
        |   +++ LOOP_M      |      798|      798|       266|          -|          -|     3|    no    |
        |    ++++ LOOP_C    |      260|      260|        52|          -|          -|     5|    no    |
        |     +++++ LOOP_R  |       50|       50|        10|          -|          -|     5|    no    |
        +-------------------+---------+---------+----------+-----------+-----------+------+----------+



================================================================
== Utilization Estimates
================================================================
* Summary: 
+-----------------+---------+-------+--------+-------+
|       Name      | BRAM_18K| DSP48E|   FF   |  LUT  |
+-----------------+---------+-------+--------+-------+
|DSP              |        -|      -|       -|      -|
|Expression       |        -|      1|       0|    138|
|FIFO             |        -|      -|       -|      -|
|Instance         |        -|      5|     348|    711|
|Memory           |        1|      -|       0|      0|
|Multiplexer      |        -|      -|       -|    199|
|Register         |        -|      -|     272|      -|
+-----------------+---------+-------+--------+-------+
|Total            |        1|      6|     620|   1048|
+-----------------+---------+-------+--------+-------+
|Available        |      280|    220|  106400|  53200|
+-----------------+---------+-------+--------+-------+
|Utilization (%)  |    ~0   |      2|   ~0   |      1|
+-----------------+---------+-------+--------+-------+

+ Detail: 
    * Instance: 
    +-------------------------------------+----------------------------------+---------+-------+-----+-----+
    |               Instance              |              Module              | BRAM_18K| DSP48E|  FF | LUT |
    +-------------------------------------+----------------------------------+---------+-------+-----+-----+
    |dut_fadd_32ns_32ns_32_5_full_dsp_U1  |dut_fadd_32ns_32ns_32_5_full_dsp  |        0|      2|  205|  390|
    |dut_fmul_32ns_32ns_32_4_max_dsp_U2   |dut_fmul_32ns_32ns_32_4_max_dsp   |        0|      3|  143|  321|
    +-------------------------------------+----------------------------------+---------+-------+-----+-----+
    |Total                                |                                  |        0|      5|  348|  711|
    +-------------------------------------+----------------------------------+---------+-------+-----+-----+

    * DSP48: 
    N/A

    * Memory: 
    +----------------+--------------------------+---------+---+----+------+-----+------+-------------+
    |     Memory     |          Module          | BRAM_18K| FF| LUT| Words| Bits| Banks| W*Bits*Banks|
    +----------------+--------------------------+---------+---+----+------+-----+------+-------------+
    |conv1_weight_U  |dut_conv1_1_conv1_weight  |        1|  0|   0|   450|   32|     1|        14400|
    +----------------+--------------------------+---------+---+----+------+-----+------+-------------+
    |Total           |                          |        1|  0|   0|   450|   32|     1|        14400|
    +----------------+--------------------------+---------+---+----+------+-----+------+-------------+

    * FIFO: 
    N/A

    * Expression: 
    +---------------------+----------+-------+---+----+------------+------------+
    |    Variable Name    | Operation| DSP48E| FF| LUT| Bitwidth P0| Bitwidth P1|
    +---------------------+----------+-------+---+----+------------+------------+
    |tmp_19_fu_378_p2     |     *    |      1|  0|   4|           6|           5|
    |c_3_fu_402_p2        |     +    |      0|  0|   3|           3|           1|
    |i_index_fu_445_p2    |     +    |      0|  0|  12|          12|          12|
    |m_3_fu_363_p2        |     +    |      0|  0|   2|           2|           1|
    |n_2_fu_235_p2        |     +    |      0|  0|   3|           3|           1|
    |o_index_fu_344_p2    |     +    |      0|  0|  14|          14|          14|
    |r_2_fu_423_p2        |     +    |      0|  0|   3|           3|           1|
    |tmp6_fu_429_p2       |     +    |      0|  0|   5|           5|           5|
    |tmp8_fu_408_p2       |     +    |      0|  0|  11|          11|          11|
    |tmp9_fu_458_p2       |     +    |      0|  0|   5|           5|           5|
    |tmp_18_fu_369_p2     |     +    |      0|  0|   6|           6|           6|
    |tmp_fu_297_p2        |     +    |      0|  0|   9|           9|           9|
    |w_index_fu_468_p2    |     +    |      0|  0|  11|          11|          11|
    |x_3_fu_291_p2        |     +    |      0|  0|   5|           5|           1|
    |y_3_fu_338_p2        |     +    |      0|  0|   5|           5|           1|
    |tmp3_fu_322_p2       |     -    |      0|  0|  14|          14|          14|
    |tmp_12_fu_269_p2     |     -    |      0|  0|   9|           9|           9|
    |tmp_13_fu_275_p2     |     -    |      0|  0|   6|           6|           6|
    |exitcond1_fu_396_p2  |   icmp   |      0|  0|   2|           3|           3|
    |exitcond2_fu_332_p2  |   icmp   |      0|  0|   2|           5|           4|
    |exitcond7_fu_229_p2  |   icmp   |      0|  0|   2|           3|           3|
    |exitcond8_fu_357_p2  |   icmp   |      0|  0|   1|           2|           2|
    |exitcond9_fu_285_p2  |   icmp   |      0|  0|   2|           5|           4|
    |exitcond_fu_417_p2   |   icmp   |      0|  0|   2|           3|           3|
    +---------------------+----------+-------+---+----+------------+------------+
    |Total                |          |      1|  0| 138|         150|         132|
    +---------------------+----------+-------+---+----+------------+------------+

    * Multiplexer: 
    +----------------------+----+-----------+-----+-----------+
    |         Name         | LUT| Input Size| Bits| Total Bits|
    +----------------------+----+-----------+-----+-----------+
    |ap_NS_fsm             |  18|         21|    1|         21|
    |c_reg_178             |   3|          2|    3|          6|
    |filter_sum_1_reg_189  |  32|          2|   32|         64|
    |filter_sum_reg_166    |  32|          2|   32|         64|
    |grp_fu_212_p0         |  32|          3|   32|         96|
    |grp_fu_212_p1         |  32|          3|   32|         96|
    |m_reg_154             |   2|          2|    2|          4|
    |n_reg_106             |   3|          2|    3|          6|
    |r_reg_201             |   3|          2|    3|          6|
    |sum_reg_141           |  32|          2|   32|         64|
    |x_reg_117             |   5|          2|    5|         10|
    |y_reg_129             |   5|          2|    5|         10|
    +----------------------+----+-----------+-----+-----------+
    |Total                 | 199|         45|  182|        447|
    +----------------------+----+-----------+-----+-----------+

    * Register: 
    +----------------------+----+----+-----+-----------+
    |         Name         | FF | LUT| Bits| Const Bits|
    +----------------------+----+----+-----+-----------+
    |ap_CS_fsm             |  20|   0|   20|          0|
    |c_3_reg_552           |   3|   0|    3|          0|
    |c_cast1_reg_544       |   3|   0|   12|          9|
    |c_reg_178             |   3|   0|    3|          0|
    |filter_sum_1_reg_189  |  32|   0|   32|          0|
    |filter_sum_reg_166    |  32|   0|   32|          0|
    |m_3_reg_534           |   2|   0|    2|          0|
    |m_reg_154             |   2|   0|    2|          0|
    |n_2_reg_490           |   3|   0|    3|          0|
    |n_reg_106             |   3|   0|    3|          0|
    |o_index_cast_reg_526  |  32|   0|   32|          0|
    |r_2_reg_565           |   3|   0|    3|          0|
    |r_reg_201             |   3|   0|    3|          0|
    |sum_reg_141           |  32|   0|   32|          0|
    |tmp3_reg_513          |  12|   0|   14|          2|
    |tmp8_reg_557          |  11|   0|   11|          0|
    |tmp_12_reg_495        |   7|   0|    9|          2|
    |tmp_13_reg_500        |   6|   0|    6|          0|
    |tmp_19_reg_539        |  11|   0|   11|          0|
    |tmp_23_reg_590        |  32|   0|   32|          0|
    |x_3_reg_508           |   5|   0|    5|          0|
    |x_reg_117             |   5|   0|    5|          0|
    |y_3_reg_521           |   5|   0|    5|          0|
    |y_reg_129             |   5|   0|    5|          0|
    +----------------------+----+----+-----+-----------+
    |Total                 | 272|   0|  285|         13|
    +----------------------+----+----+-----+-----------+



================================================================
== Interface
================================================================
* Summary: 
+-------------------+-----+-----+------------+--------------+--------------+
|     RTL Ports     | Dir | Bits|  Protocol  | Source Object|    C Type    |
+-------------------+-----+-----+------------+--------------+--------------+
|ap_clk             |  in |    1| ap_ctrl_hs |  dut_conv1.1 | return value |
|ap_rst             |  in |    1| ap_ctrl_hs |  dut_conv1.1 | return value |
|ap_start           |  in |    1| ap_ctrl_hs |  dut_conv1.1 | return value |
|ap_done            | out |    1| ap_ctrl_hs |  dut_conv1.1 | return value |
|ap_idle            | out |    1| ap_ctrl_hs |  dut_conv1.1 | return value |
|ap_ready           | out |    1| ap_ctrl_hs |  dut_conv1.1 | return value |
|input_r_address0   | out |   12|  ap_memory |    input_r   |     array    |
|input_r_ce0        | out |    1|  ap_memory |    input_r   |     array    |
|input_r_q0         |  in |   32|  ap_memory |    input_r   |     array    |
|output_r_address0  | out |   13|  ap_memory |   output_r   |     array    |
|output_r_ce0       | out |    1|  ap_memory |   output_r   |     array    |
|output_r_we0       | out |    1|  ap_memory |   output_r   |     array    |
|output_r_d0        | out |   32|  ap_memory |   output_r   |     array    |
+-------------------+-----+-----+------------+--------------+--------------+

