

================================================================
== Vivado HLS Report for 'dut'
================================================================
* Date:           Fri Oct 28 23:31:22 2022

* Version:        2016.2 (Build 1577090 on Thu Jun 02 16:59:10 MDT 2016)
* Project:        bnn.prj
* Solution:       solution3
* Product family: zynq
* Target device:  xc7z020clg484-1


================================================================
== Performance Estimates
================================================================
+ Timing (ns): 
    * Summary: 
    +--------+-------+----------+------------+
    |  Clock | Target| Estimated| Uncertainty|
    +--------+-------+----------+------------+
    |ap_clk  |  10.00|      8.47|        1.25|
    +--------+-------+----------+------------+

+ Latency (clock cycles): 
    * Summary: 
    +---------+----------+---------+----------+---------+
    |       Latency      |      Interval      | Pipeline|
    |   min   |    max   |   min   |    max   |   Type  |
    +---------+----------+---------+----------+---------+
    |  1844411|  49295063|  1844412|  49295064|   none  |
    +---------+----------+---------+----------+---------+

    + Detail: 
        * Instance: 
        +-------------------------+--------------+---------+----------+---------+----------+---------+
        |                         |              |       Latency      |      Interval      | Pipeline|
        |         Instance        |    Module    |   min   |    max   |   min   |    max   |   Type  |
        +-------------------------+--------------+---------+----------+---------+----------+---------+
        |grp_dut_max_pool_fu_309  |dut_max_pool  |     5860|     43908|     5860|     43908|   none  |
        |grp_dut_conv_fu_335      |dut_conv      |    33057|  23643201|    33057|  23643201|   none  |
        |grp_dut_reshape_fu_395   |dut_reshape   |      256|       256|      256|       256|   none  |
        |grp_dut_dense_fu_401     |dut_dense     |    33491|     33491|    33491|     33491|   none  |
        |grp_dut_dense_1_fu_411   |dut_dense_1   |  1709313|   1709313|  1709313|   1709313|   none  |
        |grp_dut_pad_fu_421       |dut_pad       |    11604|     88738|    11604|     88738|   none  |
        +-------------------------+--------------+---------+----------+---------+----------+---------+

        * Loop: 
        +-------------+-----+-----+----------+-----------+-----------+------+----------+
        |             |  Latency  | Iteration|  Initiation Interval  | Trip |          |
        |  Loop Name  | min | max |  Latency |  achieved |   target  | Count| Pipelined|
        +-------------+-----+-----+----------+-----------+-----------+------+----------+
        |- Loop 1     |  272|  272|        34|          -|          -|     8|    no    |
        | + Loop 1.1  |   32|   32|         1|          -|          -|    32|    no    |
        |- Loop 2     |   18|   18|         2|          -|          -|     9|    no    |
        +-------------+-----+-----+----------+-----------+-----------+------+----------+



================================================================
== Utilization Estimates
================================================================
* Summary: 
+-----------------+---------+-------+--------+-------+
|       Name      | BRAM_18K| DSP48E|   FF   |  LUT  |
+-----------------+---------+-------+--------+-------+
|DSP              |        -|      -|       -|      -|
|Expression       |        -|      -|       0|     63|
|FIFO             |        -|      -|       -|      -|
|Instance         |       12|     45|    8801|  32903|
|Memory           |       32|      -|      16|     88|
|Multiplexer      |        -|      -|       -|    647|
|Register         |        -|      -|     121|      -|
+-----------------+---------+-------+--------+-------+
|Total            |       44|     45|    8938|  33701|
+-----------------+---------+-------+--------+-------+
|Available        |      280|    220|  106400|  53200|
+-----------------+---------+-------+--------+-------+
|Utilization (%)  |       15|     20|       8|     63|
+-----------------+---------+-------+--------+-------+

+ Detail: 
    * Instance: 
    +-------------------------+--------------+---------+-------+------+-------+
    |         Instance        |    Module    | BRAM_18K| DSP48E|  FF  |  LUT  |
    +-------------------------+--------------+---------+-------+------+-------+
    |grp_dut_conv_fu_335      |dut_conv      |        2|     21|  4977|   5616|
    |grp_dut_dense_fu_401     |dut_dense     |        1|      5|  1048|   1876|
    |grp_dut_dense_1_fu_411   |dut_dense_1   |        9|      5|  1006|   1803|
    |grp_dut_max_pool_fu_309  |dut_max_pool  |        0|      9|  1059|  18908|
    |grp_dut_pad_fu_421       |dut_pad       |        0|      5|   454|    584|
    |grp_dut_reshape_fu_395   |dut_reshape   |        0|      0|   257|   4116|
    +-------------------------+--------------+---------+-------+------+-------+
    |Total                    |              |       12|     45|  8801|  32903|
    +-------------------------+--------------+---------+-------+------+-------+

    * DSP48: 
    N/A

    * Memory: 
    +------------------+--------------------+---------+---+----+------+-----+------+-------------+
    |      Memory      |       Module       | BRAM_18K| FF| LUT| Words| Bits| Banks| W*Bits*Banks|
    +------------------+--------------------+---------+---+----+------+-----+------+-------------+
    |input_0_U         |dut_input_0         |        0|  2|  11|   648|    1|     1|          648|
    |input_1_U         |dut_input_1         |        0|  2|  11|   648|    1|     1|          648|
    |input_2_U         |dut_input_1         |        0|  2|  11|   648|    1|     1|          648|
    |input_3_U         |dut_input_1         |        0|  2|  11|   648|    1|     1|          648|
    |input_4_U         |dut_input_1         |        0|  2|  11|   648|    1|     1|          648|
    |input_5_U         |dut_input_1         |        0|  2|  11|   648|    1|     1|          648|
    |input_6_U         |dut_input_1         |        0|  2|  11|   648|    1|     1|          648|
    |input_7_U         |dut_input_1         |        0|  2|  11|   648|    1|     1|          648|
    |mem_conv1_0_U     |dut_mem_conv1_0     |        1|  0|   0|   648|    1|     1|          648|
    |mem_conv1_1_U     |dut_mem_conv1_0     |        1|  0|   0|   648|    1|     1|          648|
    |mem_conv1_2_U     |dut_mem_conv1_0     |        1|  0|   0|   648|    1|     1|          648|
    |mem_conv1_3_U     |dut_mem_conv1_0     |        1|  0|   0|   648|    1|     1|          648|
    |mem_conv1_4_U     |dut_mem_conv1_0     |        1|  0|   0|   648|    1|     1|          648|
    |mem_conv1_5_U     |dut_mem_conv1_0     |        1|  0|   0|   648|    1|     1|          648|
    |mem_conv1_6_U     |dut_mem_conv1_0     |        1|  0|   0|   648|    1|     1|          648|
    |mem_conv1_7_U     |dut_mem_conv1_0     |        1|  0|   0|   648|    1|     1|          648|
    |mem_conv2_0_U     |dut_mem_conv1_0     |        1|  0|   0|   648|    1|     1|          648|
    |mem_conv2_1_U     |dut_mem_conv1_0     |        1|  0|   0|   648|    1|     1|          648|
    |mem_conv2_2_U     |dut_mem_conv1_0     |        1|  0|   0|   648|    1|     1|          648|
    |mem_conv2_3_U     |dut_mem_conv1_0     |        1|  0|   0|   648|    1|     1|          648|
    |mem_conv2_4_U     |dut_mem_conv1_0     |        1|  0|   0|   648|    1|     1|          648|
    |mem_conv2_5_U     |dut_mem_conv1_0     |        1|  0|   0|   648|    1|     1|          648|
    |mem_conv2_6_U     |dut_mem_conv1_0     |        1|  0|   0|   648|    1|     1|          648|
    |mem_conv2_7_U     |dut_mem_conv1_0     |        1|  0|   0|   648|    1|     1|          648|
    |threshold1_V_0_U  |dut_threshold1_V_0  |        1|  0|   0|   648|    8|     1|         5184|
    |threshold1_V_1_U  |dut_threshold1_V_1  |        1|  0|   0|   648|    8|     1|         5184|
    |threshold1_V_2_U  |dut_threshold1_V_2  |        1|  0|   0|   648|    8|     1|         5184|
    |threshold1_V_3_U  |dut_threshold1_V_3  |        1|  0|   0|   648|    8|     1|         5184|
    |threshold1_V_4_U  |dut_threshold1_V_4  |        1|  0|   0|   648|    8|     1|         5184|
    |threshold1_V_5_U  |dut_threshold1_V_5  |        1|  0|   0|   648|    8|     1|         5184|
    |threshold1_V_6_U  |dut_threshold1_V_6  |        1|  0|   0|   648|    8|     1|         5184|
    |threshold1_V_7_U  |dut_threshold1_V_7  |        1|  0|   0|   648|    8|     1|         5184|
    |threshold2_V_4_U  |dut_threshold1_V_7  |        1|  0|   0|   648|    8|     1|         5184|
    |threshold2_V_5_U  |dut_threshold1_V_7  |        1|  0|   0|   648|    8|     1|         5184|
    |threshold2_V_6_U  |dut_threshold1_V_7  |        1|  0|   0|   648|    8|     1|         5184|
    |threshold2_V_7_U  |dut_threshold1_V_7  |        1|  0|   0|   648|    8|     1|         5184|
    |threshold2_V_0_U  |dut_threshold2_V_0  |        1|  0|   0|   648|    8|     1|         5184|
    |threshold2_V_1_U  |dut_threshold2_V_1  |        1|  0|   0|   648|    8|     1|         5184|
    |threshold2_V_2_U  |dut_threshold2_V_2  |        1|  0|   0|   648|    8|     1|         5184|
    |threshold2_V_3_U  |dut_threshold2_V_3  |        1|  0|   0|   648|    8|     1|         5184|
    +------------------+--------------------+---------+---+----+------+-----+------+-------------+
    |Total             |                    |       32| 16|  88| 25920|  152|    40|        98496|
    +------------------+--------------------+---------+---+----+------+-----+------+-------------+

    * FIFO: 
    N/A

    * Expression: 
    +----------------------+----------+-------+---+----+------------+------------+
    |     Variable Name    | Operation| DSP48E| FF| LUT| Bitwidth P0| Bitwidth P1|
    +----------------------+----------+-------+---+----+------------+------------+
    |i_2_fu_453_p2         |     +    |      0|  0|   4|           4|           1|
    |i_3_fu_524_p2         |     +    |      0|  0|   4|           4|           1|
    |j_fu_485_p2           |     +    |      0|  0|   6|           6|           1|
    |tmp_7_fu_499_p2       |     +    |      0|  0|   8|           8|           8|
    |ap_sig_204            |    and   |      0|  0|   1|           1|           1|
    |ap_sig_225            |    and   |      0|  0|   1|           1|           1|
    |exitcond1_fu_447_p2   |   icmp   |      0|  0|   2|           4|           5|
    |exitcond_fu_479_p2    |   icmp   |      0|  0|   3|           6|           7|
    |exitcond_i_fu_513_p2  |   icmp   |      0|  0|   2|           4|           4|
    |phitmp_i_fu_530_p3    |  select  |      0|  0|  32|           1|          32|
    +----------------------+----------+-------+---+----+------------+------------+
    |Total                 |          |      0|  0|  63|          39|          61|
    +----------------------+----------+-------+---+----+------------+------------+

    * Multiplexer: 
    +--------------------------------------+----+-----------+-----+-----------+
    |                 Name                 | LUT| Input Size| Bits| Total Bits|
    +--------------------------------------+----+-----------+-----+-----------+
    |Hi_assign_reg_274                     |   6|          2|    6|         12|
    |ap_NS_fsm                             |  18|         23|    1|         23|
    |grp_dut_conv_fu_335_I                 |   6|          3|    6|         18|
    |grp_dut_conv_fu_335_L                 |   1|          3|    1|          3|
    |grp_dut_conv_fu_335_M                 |   7|          3|    7|         21|
    |grp_dut_conv_fu_335_N                 |   7|          3|    7|         21|
    |grp_dut_conv_fu_335_input_0_q0        |   1|          3|    1|          3|
    |grp_dut_conv_fu_335_input_1_q0        |   1|          3|    1|          3|
    |grp_dut_conv_fu_335_input_2_q0        |   1|          3|    1|          3|
    |grp_dut_conv_fu_335_input_3_q0        |   1|          3|    1|          3|
    |grp_dut_conv_fu_335_input_4_q0        |   1|          3|    1|          3|
    |grp_dut_conv_fu_335_input_5_q0        |   1|          3|    1|          3|
    |grp_dut_conv_fu_335_input_6_q0        |   1|          3|    1|          3|
    |grp_dut_conv_fu_335_input_7_q0        |   1|          3|    1|          3|
    |grp_dut_conv_fu_335_threshold_0_V_q0  |   8|          3|    8|         24|
    |grp_dut_conv_fu_335_threshold_1_V_q0  |   8|          3|    8|         24|
    |grp_dut_conv_fu_335_threshold_2_V_q0  |   8|          3|    8|         24|
    |grp_dut_conv_fu_335_threshold_3_V_q0  |   8|          3|    8|         24|
    |grp_dut_conv_fu_335_threshold_4_V_q0  |   8|          3|    8|         24|
    |grp_dut_conv_fu_335_threshold_5_V_q0  |   8|          3|    8|         24|
    |grp_dut_conv_fu_335_threshold_6_V_q0  |   8|          3|    8|         24|
    |grp_dut_conv_fu_335_threshold_7_V_q0  |   8|          3|    8|         24|
    |grp_dut_max_pool_fu_309_I             |   6|          3|    6|         18|
    |grp_dut_max_pool_fu_309_M             |   7|          3|    7|         21|
    |grp_dut_max_pool_fu_309_input_0_q0    |   1|          3|    1|          3|
    |grp_dut_max_pool_fu_309_input_0_q1    |   1|          3|    1|          3|
    |grp_dut_max_pool_fu_309_input_1_q0    |   1|          3|    1|          3|
    |grp_dut_max_pool_fu_309_input_1_q1    |   1|          3|    1|          3|
    |grp_dut_max_pool_fu_309_input_2_q0    |   1|          3|    1|          3|
    |grp_dut_max_pool_fu_309_input_2_q1    |   1|          3|    1|          3|
    |grp_dut_max_pool_fu_309_input_3_q0    |   1|          3|    1|          3|
    |grp_dut_max_pool_fu_309_input_3_q1    |   1|          3|    1|          3|
    |grp_dut_max_pool_fu_309_input_4_q0    |   1|          3|    1|          3|
    |grp_dut_max_pool_fu_309_input_4_q1    |   1|          3|    1|          3|
    |grp_dut_max_pool_fu_309_input_5_q0    |   1|          3|    1|          3|
    |grp_dut_max_pool_fu_309_input_5_q1    |   1|          3|    1|          3|
    |grp_dut_max_pool_fu_309_input_6_q0    |   1|          3|    1|          3|
    |grp_dut_max_pool_fu_309_input_6_q1    |   1|          3|    1|          3|
    |grp_dut_max_pool_fu_309_input_7_q0    |   1|          3|    1|          3|
    |grp_dut_max_pool_fu_309_input_7_q1    |   1|          3|    1|          3|
    |grp_dut_pad_fu_421_I                  |   6|          3|    6|         18|
    |grp_dut_pad_fu_421_M                  |   7|          3|    7|         21|
    |grp_dut_pad_fu_421_input_0_q0         |   1|          3|    1|          3|
    |grp_dut_pad_fu_421_input_1_q0         |   1|          3|    1|          3|
    |grp_dut_pad_fu_421_input_2_q0         |   1|          3|    1|          3|
    |grp_dut_pad_fu_421_input_3_q0         |   1|          3|    1|          3|
    |grp_dut_pad_fu_421_input_4_q0         |   1|          3|    1|          3|
    |grp_dut_pad_fu_421_input_5_q0         |   1|          3|    1|          3|
    |grp_dut_pad_fu_421_input_6_q0         |   1|          3|    1|          3|
    |grp_dut_pad_fu_421_input_7_q0         |   1|          3|    1|          3|
    |i_reg_263                             |   4|          2|    4|          8|
    |input_0_address0                      |  10|          3|   10|         30|
    |input_0_ce0                           |   1|          3|    1|          3|
    |max_id_V_reg_298                      |   4|          2|    4|          8|
    |mem_conv1_0_address0                  |  20|         11|   10|        110|
    |mem_conv1_0_address1                  |  10|          4|   10|         40|
    |mem_conv1_0_ce0                       |   4|         11|    1|         11|
    |mem_conv1_0_ce1                       |   1|          4|    1|          4|
    |mem_conv1_0_d0                        |   1|          6|    1|          6|
    |mem_conv1_0_d1                        |   1|          3|    1|          3|
    |mem_conv1_0_we0                       |   1|          6|    1|          6|
    |mem_conv1_0_we1                       |   1|          3|    1|          3|
    |mem_conv1_1_address0                  |  10|          7|   10|         70|
    |mem_conv1_1_address1                  |  10|          3|   10|         30|
    |mem_conv1_1_ce0                       |   1|          7|    1|          7|
    |mem_conv1_1_ce1                       |   1|          3|    1|          3|
    |mem_conv1_1_d0                        |   1|          4|    1|          4|
    |mem_conv1_1_we0                       |   1|          4|    1|          4|
    |mem_conv1_1_we1                       |   1|          2|    1|          2|
    |mem_conv1_2_address0                  |  10|          7|   10|         70|
    |mem_conv1_2_address1                  |  10|          3|   10|         30|
    |mem_conv1_2_ce0                       |   1|          7|    1|          7|
    |mem_conv1_2_ce1                       |   1|          3|    1|          3|
    |mem_conv1_2_d0                        |   1|          4|    1|          4|
    |mem_conv1_2_we0                       |   1|          4|    1|          4|
    |mem_conv1_2_we1                       |   1|          2|    1|          2|
    |mem_conv1_3_address0                  |  10|          7|   10|         70|
    |mem_conv1_3_address1                  |  10|          3|   10|         30|
    |mem_conv1_3_ce0                       |   1|          7|    1|          7|
    |mem_conv1_3_ce1                       |   1|          3|    1|          3|
    |mem_conv1_3_d0                        |   1|          4|    1|          4|
    |mem_conv1_3_we0                       |   1|          4|    1|          4|
    |mem_conv1_3_we1                       |   1|          2|    1|          2|
    |mem_conv1_4_address0                  |  10|          7|   10|         70|
    |mem_conv1_4_address1                  |  10|          3|   10|         30|
    |mem_conv1_4_ce0                       |   1|          7|    1|          7|
    |mem_conv1_4_ce1                       |   1|          3|    1|          3|
    |mem_conv1_4_d0                        |   1|          4|    1|          4|
    |mem_conv1_4_we0                       |   1|          4|    1|          4|
    |mem_conv1_4_we1                       |   1|          2|    1|          2|
    |mem_conv1_5_address0                  |  10|          7|   10|         70|
    |mem_conv1_5_address1                  |  10|          3|   10|         30|
    |mem_conv1_5_ce0                       |   1|          7|    1|          7|
    |mem_conv1_5_ce1                       |   1|          3|    1|          3|
    |mem_conv1_5_d0                        |   1|          4|    1|          4|
    |mem_conv1_5_we0                       |   1|          4|    1|          4|
    |mem_conv1_5_we1                       |   1|          2|    1|          2|
    |mem_conv1_6_address0                  |  10|          7|   10|         70|
    |mem_conv1_6_address1                  |  10|          3|   10|         30|
    |mem_conv1_6_ce0                       |   1|          7|    1|          7|
    |mem_conv1_6_ce1                       |   1|          3|    1|          3|
    |mem_conv1_6_d0                        |   1|          4|    1|          4|
    |mem_conv1_6_we0                       |   1|          4|    1|          4|
    |mem_conv1_6_we1                       |   1|          2|    1|          2|
    |mem_conv1_7_address0                  |  10|          7|   10|         70|
    |mem_conv1_7_address1                  |  10|          3|   10|         30|
    |mem_conv1_7_ce0                       |   1|          7|    1|          7|
    |mem_conv1_7_ce1                       |   1|          3|    1|          3|
    |mem_conv1_7_d0                        |   1|          4|    1|          4|
    |mem_conv1_7_we0                       |   1|          4|    1|          4|
    |mem_conv1_7_we1                       |   1|          2|    1|          2|
    |mem_conv2_0_address0                  |  20|          9|   10|         90|
    |mem_conv2_0_address1                  |  10|          4|   10|         40|
    |mem_conv2_0_ce0                       |   4|          9|    1|          9|
    |mem_conv2_0_ce1                       |   1|          4|    1|          4|
    |mem_conv2_0_d0                        |   1|          5|    1|          5|
    |mem_conv2_0_we0                       |   1|          5|    1|          5|
    |mem_conv2_0_we1                       |   1|          2|    1|          2|
    |mem_conv2_1_address0                  |  10|          6|   10|         60|
    |mem_conv2_1_address1                  |  10|          3|   10|         30|
    |mem_conv2_1_ce0                       |   1|          6|    1|          6|
    |mem_conv2_1_ce1                       |   1|          3|    1|          3|
    |mem_conv2_1_d0                        |   1|          4|    1|          4|
    |mem_conv2_1_we0                       |   1|          4|    1|          4|
    |mem_conv2_1_we1                       |   1|          2|    1|          2|
    |mem_conv2_2_address0                  |  10|          6|   10|         60|
    |mem_conv2_2_address1                  |  10|          3|   10|         30|
    |mem_conv2_2_ce0                       |   1|          6|    1|          6|
    |mem_conv2_2_ce1                       |   1|          3|    1|          3|
    |mem_conv2_2_d0                        |   1|          4|    1|          4|
    |mem_conv2_2_we0                       |   1|          4|    1|          4|
    |mem_conv2_2_we1                       |   1|          2|    1|          2|
    |mem_conv2_3_address0                  |  10|          6|   10|         60|
    |mem_conv2_3_address1                  |  10|          3|   10|         30|
    |mem_conv2_3_ce0                       |   1|          6|    1|          6|
    |mem_conv2_3_ce1                       |   1|          3|    1|          3|
    |mem_conv2_3_d0                        |   1|          4|    1|          4|
    |mem_conv2_3_we0                       |   1|          4|    1|          4|
    |mem_conv2_3_we1                       |   1|          2|    1|          2|
    |mem_conv2_4_address0                  |  10|          6|   10|         60|
    |mem_conv2_4_address1                  |  10|          3|   10|         30|
    |mem_conv2_4_ce0                       |   1|          6|    1|          6|
    |mem_conv2_4_ce1                       |   1|          3|    1|          3|
    |mem_conv2_4_d0                        |   1|          4|    1|          4|
    |mem_conv2_4_we0                       |   1|          4|    1|          4|
    |mem_conv2_4_we1                       |   1|          2|    1|          2|
    |mem_conv2_5_address0                  |  10|          6|   10|         60|
    |mem_conv2_5_address1                  |  10|          3|   10|         30|
    |mem_conv2_5_ce0                       |   1|          6|    1|          6|
    |mem_conv2_5_ce1                       |   1|          3|    1|          3|
    |mem_conv2_5_d0                        |   1|          4|    1|          4|
    |mem_conv2_5_we0                       |   1|          4|    1|          4|
    |mem_conv2_5_we1                       |   1|          2|    1|          2|
    |mem_conv2_6_address0                  |  10|          6|   10|         60|
    |mem_conv2_6_address1                  |  10|          3|   10|         30|
    |mem_conv2_6_ce0                       |   1|          6|    1|          6|
    |mem_conv2_6_ce1                       |   1|          3|    1|          3|
    |mem_conv2_6_d0                        |   1|          4|    1|          4|
    |mem_conv2_6_we0                       |   1|          4|    1|          4|
    |mem_conv2_6_we1                       |   1|          2|    1|          2|
    |mem_conv2_7_address0                  |  10|          6|   10|         60|
    |mem_conv2_7_address1                  |  10|          3|   10|         30|
    |mem_conv2_7_ce0                       |   1|          6|    1|          6|
    |mem_conv2_7_ce1                       |   1|          3|    1|          3|
    |mem_conv2_7_d0                        |   1|          4|    1|          4|
    |mem_conv2_7_we0                       |   1|          4|    1|          4|
    |mem_conv2_7_we1                       |   1|          2|    1|          2|
    |output_V_reg_285                      |  32|          2|   32|         64|
    |strm_in_V_V_blk_n                     |   1|          2|    1|          2|
    |strm_out_V_V_blk_n                    |   1|          2|    1|          2|
    +--------------------------------------+----+-----------+-----+-----------+
    |Total                                 | 647|        677|  604|       2522|
    +--------------------------------------+----+-----------+-----+-----------+

    * Register: 
    +-----------------------------------------+----+----+-----+-----------+
    |                   Name                  | FF | LUT| Bits| Const Bits|
    +-----------------------------------------+----+----+-----+-----------+
    |Hi_assign_reg_274                        |   6|   0|    6|          0|
    |ap_CS_fsm                                |  22|   0|   22|          0|
    |ap_reg_grp_dut_conv_fu_335_ap_start      |   1|   0|    1|          0|
    |ap_reg_grp_dut_dense_1_fu_411_ap_start   |   1|   0|    1|          0|
    |ap_reg_grp_dut_dense_fu_401_ap_start     |   1|   0|    1|          0|
    |ap_reg_grp_dut_max_pool_fu_309_ap_start  |   1|   0|    1|          0|
    |ap_reg_grp_dut_pad_fu_421_ap_start       |   1|   0|    1|          0|
    |ap_reg_grp_dut_reshape_fu_395_ap_start   |   1|   0|    1|          0|
    |i_2_reg_540                              |   4|   0|    4|          0|
    |i_3_reg_576                              |   4|   0|    4|          0|
    |i_reg_263                                |   4|   0|    4|          0|
    |max_id_V_cast2_reg_563                   |   4|   0|   32|         28|
    |max_id_V_reg_298                         |   4|   0|    4|          0|
    |output_V_reg_285                         |  32|   0|   32|          0|
    |tmp_V_1_reg_545                          |  32|   0|   32|          0|
    |tmp_s_reg_550                            |   3|   0|    8|          5|
    +-----------------------------------------+----+----+-----+-----------+
    |Total                                    | 121|   0|  154|         33|
    +-----------------------------------------+----+----+-----+-----------+



================================================================
== Interface
================================================================
* Summary: 
+---------------------+-----+-----+------------+--------------+--------------+
|      RTL Ports      | Dir | Bits|  Protocol  | Source Object|    C Type    |
+---------------------+-----+-----+------------+--------------+--------------+
|ap_clk               |  in |    1| ap_ctrl_hs |      dut     | return value |
|ap_rst               |  in |    1| ap_ctrl_hs |      dut     | return value |
|ap_start             |  in |    1| ap_ctrl_hs |      dut     | return value |
|ap_done              | out |    1| ap_ctrl_hs |      dut     | return value |
|ap_idle              | out |    1| ap_ctrl_hs |      dut     | return value |
|ap_ready             | out |    1| ap_ctrl_hs |      dut     | return value |
|strm_in_V_V_dout     |  in |   32|   ap_fifo  |  strm_in_V_V |    pointer   |
|strm_in_V_V_empty_n  |  in |    1|   ap_fifo  |  strm_in_V_V |    pointer   |
|strm_in_V_V_read     | out |    1|   ap_fifo  |  strm_in_V_V |    pointer   |
|strm_out_V_V_din     | out |   32|   ap_fifo  | strm_out_V_V |    pointer   |
|strm_out_V_V_full_n  |  in |    1|   ap_fifo  | strm_out_V_V |    pointer   |
|strm_out_V_V_write   | out |    1|   ap_fifo  | strm_out_V_V |    pointer   |
+---------------------+-----+-----+------------+--------------+--------------+

